nvfp4-v7-optin-1x-auto-shard5-ready 1 code PASS
nvfp4-v7-optin-1x-auto-shard5-ready 1 code-reasoning PASS
nvfp4-v7-optin-1x-auto-shard5-ready 1 math PASS
nvfp4-v7-optin-1x-auto-shard5-ready 1 fable PASS
nvfp4-v7-optin-1x-auto-shard5-ready 1 hello PASS
nvfp4-v7-optin-1x-auto-shard5-ready 1 topic PASS
nvfp4-v7-optin-1x-auto-shard5-ready 1 structured-json PASS
nvfp4-v7-optin-1x-auto-shard5-ready 1 structured-json-schema PASS
nvfp4-v7-optin-1x-auto-shard5-ready 1 multilingual PASS
nvfp4-v7-optin-1x-auto-shard5-ready 1 counting PASS
nvfp4-v7-optin-1x-auto-shard5-ready 2 code PASS
nvfp4-v7-optin-1x-auto-shard5-ready 2 code-reasoning PASS
nvfp4-v7-optin-1x-auto-shard5-ready 2 math PASS
nvfp4-v7-optin-1x-auto-shard5-ready 2 fable PASS
nvfp4-v7-optin-1x-auto-shard5-ready 2 hello PASS
nvfp4-v7-optin-1x-auto-shard5-ready 2 topic PASS
nvfp4-v7-optin-1x-auto-shard5-ready 2 structured-json PASS
nvfp4-v7-optin-1x-auto-shard5-ready 2 structured-json-schema PASS
nvfp4-v7-optin-1x-auto-shard5-ready 2 multilingual PASS
nvfp4-v7-optin-1x-auto-shard5-ready 2 counting PASS
nvfp4-v7-optin-1x-auto-shard5-ready 3 code PASS
nvfp4-v7-optin-1x-auto-shard5-ready 3 code-reasoning PASS
nvfp4-v7-optin-1x-auto-shard5-ready 3 math PASS
nvfp4-v7-optin-1x-auto-shard5-ready 3 fable PASS
nvfp4-v7-optin-1x-auto-shard5-ready 3 hello PASS
nvfp4-v7-optin-1x-auto-shard5-ready 3 topic PASS
nvfp4-v7-optin-1x-auto-shard5-ready 3 structured-json PASS
nvfp4-v7-optin-1x-auto-shard5-ready 3 structured-json-schema PASS
nvfp4-v7-optin-1x-auto-shard5-ready 3 multilingual PASS
nvfp4-v7-optin-1x-auto-shard5-ready 3 counting PASS
