nvfp4-v7-optin-1x-auto-shard5 1 code FAIL
nvfp4-v7-optin-1x-auto-shard5 1 code-reasoning FAIL
nvfp4-v7-optin-1x-auto-shard5 1 math FAIL
nvfp4-v7-optin-1x-auto-shard5 1 fable FAIL
nvfp4-v7-optin-1x-auto-shard5 1 hello FAIL
nvfp4-v7-optin-1x-auto-shard5 1 topic FAIL
nvfp4-v7-optin-1x-auto-shard5 1 structured-json FAIL
nvfp4-v7-optin-1x-auto-shard5 1 structured-json-schema FAIL
nvfp4-v7-optin-1x-auto-shard5 1 multilingual FAIL
nvfp4-v7-optin-1x-auto-shard5 1 counting FAIL
nvfp4-v7-optin-1x-auto-shard5 2 code FAIL
nvfp4-v7-optin-1x-auto-shard5 2 code-reasoning FAIL
nvfp4-v7-optin-1x-auto-shard5 2 math FAIL
nvfp4-v7-optin-1x-auto-shard5 2 fable FAIL
nvfp4-v7-optin-1x-auto-shard5 2 hello FAIL
nvfp4-v7-optin-1x-auto-shard5 2 topic FAIL
nvfp4-v7-optin-1x-auto-shard5 2 structured-json FAIL
nvfp4-v7-optin-1x-auto-shard5 2 structured-json-schema FAIL
nvfp4-v7-optin-1x-auto-shard5 2 multilingual FAIL
nvfp4-v7-optin-1x-auto-shard5 2 counting FAIL
nvfp4-v7-optin-1x-auto-shard5 3 code FAIL
nvfp4-v7-optin-1x-auto-shard5 3 code-reasoning FAIL
nvfp4-v7-optin-1x-auto-shard5 3 math FAIL
nvfp4-v7-optin-1x-auto-shard5 3 fable FAIL
nvfp4-v7-optin-1x-auto-shard5 3 hello FAIL
nvfp4-v7-optin-1x-auto-shard5 3 topic FAIL
nvfp4-v7-optin-1x-auto-shard5 3 structured-json FAIL
nvfp4-v7-optin-1x-auto-shard5 3 structured-json-schema FAIL
nvfp4-v7-optin-1x-auto-shard5 3 multilingual FAIL
nvfp4-v7-optin-1x-auto-shard5 3 counting FAIL
